// Jest Snapshot v1, https://goo.gl/fbAQLP

exports[`Page2 renders correctly 1`] = `
<div
  className="hero__vertical-container"
>
  <div
    className="hero__title inverse default large"
  >
    <div
      className="row"
    >
      <form
        className="form-horizontal"
        onSubmit={[Function]}
      >
        <div
          className="col-xs-12 col-md-6"
        >
          <div
            className="form-group"
          >
            <label
              className="col-xs-12"
            >
              First Name
              :
            </label>
            <div
              className="col-xs-12"
            >
              <input
                autoComplete="given-name"
                className="form-control "
                disabled={false}
                name="firstName"
                onBlur={[Function]}
                onChange={[Function]}
                onDragStart={[Function]}
                onDrop={[Function]}
                onFocus={[Function]}
                placeholder="John"
                type="text"
                value=""
              />
              <div
                className="no-error"
              />
            </div>
          </div>
          <div
            className="form-group"
          >
            <label
              className="col-xs-12"
            >
              Date of Birth
              :
            </label>
            <div
              className="col-xs-12"
            >
              <div>
                <div
                  className="react-datepicker-wrapper"
                >
                  <div
                    className="react-datepicker__input-container"
                  >
                    <input
                      autoComplete={undefined}
                      autoFocus={undefined}
                      className="form-control "
                      disabled={false}
                      id={undefined}
                      name={undefined}
                      onBlur={[Function]}
                      onChange={[Function]}
                      onClick={[Function]}
                      onFocus={[Function]}
                      onKeyDown={[Function]}
                      placeholder="30/01/1975"
                      readOnly={undefined}
                      required={undefined}
                      tabIndex={undefined}
                      title={undefined}
                      type="text"
                      value=""
                    />
                  </div>
                </div>
              </div>
              <div
                className="no-error"
              />
            </div>
          </div>
          <div
            className="form-group"
          >
            <label
              className="col-xs-12"
            >
              Email Address
              :
            </label>
            <div
              className="col-xs-12"
            >
              <input
                autoComplete="email"
                className="form-control "
                disabled={false}
                name="email"
                onBlur={[Function]}
                onChange={[Function]}
                onDragStart={[Function]}
                onDrop={[Function]}
                onFocus={[Function]}
                placeholder="john.doe@gmail.com"
                type="email"
                value=""
              />
              <div
                className="no-error"
              />
            </div>
          </div>
        </div>
        <div
          className="col-xs-12 col-md-6"
        >
          <div
            className="form-group"
          >
            <label
              className="col-xs-12"
            >
              Surname
              :
            </label>
            <div
              className="col-xs-12"
            >
              <input
                autoComplete="family-name"
                className="form-control "
                disabled={false}
                name="surname"
                onBlur={[Function]}
                onChange={[Function]}
                onDragStart={[Function]}
                onDrop={[Function]}
                onFocus={[Function]}
                placeholder="Doe"
                type="text"
                value=""
              />
              <div
                className="no-error"
              />
            </div>
          </div>
          <div
            className="form-group"
          >
            <label
              className="col-xs-12"
            >
              Nationality
              :
            </label>
            <div
              className="col-xs-12"
            >
              <input
                autoComplete="country-name"
                className="form-control "
                disabled={false}
                name="nationality"
                onBlur={[Function]}
                onChange={[Function]}
                onDragStart={[Function]}
                onDrop={[Function]}
                onFocus={[Function]}
                placeholder="Irish"
                type="text"
                value=""
              />
              <div
                className="no-error"
              />
            </div>
          </div>
          <div
            className="form-group"
          >
            <label
              className="col-xs-12"
            >
              Occupation
              :
            </label>
            <div
              className="col-xs-12"
            >
              <input
                autoComplete="off"
                className="form-control "
                disabled={false}
                name="occupation"
                onBlur={[Function]}
                onChange={[Function]}
                onDragStart={[Function]}
                onDrop={[Function]}
                onFocus={[Function]}
                placeholder="Front End Developer"
                type="text"
                value=""
              />
              <div
                className="no-error"
              />
            </div>
          </div>
        </div>
        <button
          className="btn button--green pull-right m-r-15"
          disabled={true}
          onClick={undefined}
          type="submit"
        >
          Submit
        </button>
      </form>
    </div>
  </div>
</div>
`;
